Archive member included because of file (symbol)

c:/program files/atmel/atmel toolchain/avr8 gcc/native/3.4.1061/avr8-gnu-toolchain/bin/../lib/gcc/avr/4.8.1/../../../../avr/lib/avrxmega7\libm.a(addsf3.o)
                              src/calculation.o (__subsf3)
c:/program files/atmel/atmel toolchain/avr8 gcc/native/3.4.1061/avr8-gnu-toolchain/bin/../lib/gcc/avr/4.8.1/../../../../avr/lib/avrxmega7\libm.a(addsf3x.o)
                              c:/program files/atmel/atmel toolchain/avr8 gcc/native/3.4.1061/avr8-gnu-toolchain/bin/../lib/gcc/avr/4.8.1/../../../../avr/lib/avrxmega7\libm.a(addsf3.o) (__addsf3x)
c:/program files/atmel/atmel toolchain/avr8 gcc/native/3.4.1061/avr8-gnu-toolchain/bin/../lib/gcc/avr/4.8.1/../../../../avr/lib/avrxmega7\libm.a(cmpsf2.o)
                              src/calculation.o (__ltsf2)
c:/program files/atmel/atmel toolchain/avr8 gcc/native/3.4.1061/avr8-gnu-toolchain/bin/../lib/gcc/avr/4.8.1/../../../../avr/lib/avrxmega7\libm.a(divsf3.o)
                              src/calculation.o (__divsf3)
c:/program files/atmel/atmel toolchain/avr8 gcc/native/3.4.1061/avr8-gnu-toolchain/bin/../lib/gcc/avr/4.8.1/../../../../avr/lib/avrxmega7\libm.a(divsf3x.o)
                              c:/program files/atmel/atmel toolchain/avr8 gcc/native/3.4.1061/avr8-gnu-toolchain/bin/../lib/gcc/avr/4.8.1/../../../../avr/lib/avrxmega7\libm.a(divsf3.o) (__divsf3x)
c:/program files/atmel/atmel toolchain/avr8 gcc/native/3.4.1061/avr8-gnu-toolchain/bin/../lib/gcc/avr/4.8.1/../../../../avr/lib/avrxmega7\libm.a(fixsfsi.o)
                              src/calculation.o (__fixsfsi)
c:/program files/atmel/atmel toolchain/avr8 gcc/native/3.4.1061/avr8-gnu-toolchain/bin/../lib/gcc/avr/4.8.1/../../../../avr/lib/avrxmega7\libm.a(fixunssfsi.o)
                              c:/program files/atmel/atmel toolchain/avr8 gcc/native/3.4.1061/avr8-gnu-toolchain/bin/../lib/gcc/avr/4.8.1/../../../../avr/lib/avrxmega7\libm.a(fixsfsi.o) (__fixunssfsi)
c:/program files/atmel/atmel toolchain/avr8 gcc/native/3.4.1061/avr8-gnu-toolchain/bin/../lib/gcc/avr/4.8.1/../../../../avr/lib/avrxmega7\libm.a(floatsisf.o)
                              src/calculation.o (__floatunsisf)
c:/program files/atmel/atmel toolchain/avr8 gcc/native/3.4.1061/avr8-gnu-toolchain/bin/../lib/gcc/avr/4.8.1/../../../../avr/lib/avrxmega7\libm.a(fp_cmp.o)
                              c:/program files/atmel/atmel toolchain/avr8 gcc/native/3.4.1061/avr8-gnu-toolchain/bin/../lib/gcc/avr/4.8.1/../../../../avr/lib/avrxmega7\libm.a(cmpsf2.o) (__fp_cmp)
c:/program files/atmel/atmel toolchain/avr8 gcc/native/3.4.1061/avr8-gnu-toolchain/bin/../lib/gcc/avr/4.8.1/../../../../avr/lib/avrxmega7\libm.a(fp_inf.o)
                              c:/program files/atmel/atmel toolchain/avr8 gcc/native/3.4.1061/avr8-gnu-toolchain/bin/../lib/gcc/avr/4.8.1/../../../../avr/lib/avrxmega7\libm.a(addsf3x.o) (__fp_inf)
c:/program files/atmel/atmel toolchain/avr8 gcc/native/3.4.1061/avr8-gnu-toolchain/bin/../lib/gcc/avr/4.8.1/../../../../avr/lib/avrxmega7\libm.a(fp_nan.o)
                              c:/program files/atmel/atmel toolchain/avr8 gcc/native/3.4.1061/avr8-gnu-toolchain/bin/../lib/gcc/avr/4.8.1/../../../../avr/lib/avrxmega7\libm.a(addsf3x.o) (__fp_nan)
c:/program files/atmel/atmel toolchain/avr8 gcc/native/3.4.1061/avr8-gnu-toolchain/bin/../lib/gcc/avr/4.8.1/../../../../avr/lib/avrxmega7\libm.a(fp_pscA.o)
                              c:/program files/atmel/atmel toolchain/avr8 gcc/native/3.4.1061/avr8-gnu-toolchain/bin/../lib/gcc/avr/4.8.1/../../../../avr/lib/avrxmega7\libm.a(addsf3x.o) (__fp_pscA)
c:/program files/atmel/atmel toolchain/avr8 gcc/native/3.4.1061/avr8-gnu-toolchain/bin/../lib/gcc/avr/4.8.1/../../../../avr/lib/avrxmega7\libm.a(fp_pscB.o)
                              c:/program files/atmel/atmel toolchain/avr8 gcc/native/3.4.1061/avr8-gnu-toolchain/bin/../lib/gcc/avr/4.8.1/../../../../avr/lib/avrxmega7\libm.a(addsf3x.o) (__fp_pscB)
c:/program files/atmel/atmel toolchain/avr8 gcc/native/3.4.1061/avr8-gnu-toolchain/bin/../lib/gcc/avr/4.8.1/../../../../avr/lib/avrxmega7\libm.a(fp_round.o)
                              c:/program files/atmel/atmel toolchain/avr8 gcc/native/3.4.1061/avr8-gnu-toolchain/bin/../lib/gcc/avr/4.8.1/../../../../avr/lib/avrxmega7\libm.a(addsf3.o) (__fp_round)
c:/program files/atmel/atmel toolchain/avr8 gcc/native/3.4.1061/avr8-gnu-toolchain/bin/../lib/gcc/avr/4.8.1/../../../../avr/lib/avrxmega7\libm.a(fp_split3.o)
                              c:/program files/atmel/atmel toolchain/avr8 gcc/native/3.4.1061/avr8-gnu-toolchain/bin/../lib/gcc/avr/4.8.1/../../../../avr/lib/avrxmega7\libm.a(addsf3x.o) (__fp_split3)
c:/program files/atmel/atmel toolchain/avr8 gcc/native/3.4.1061/avr8-gnu-toolchain/bin/../lib/gcc/avr/4.8.1/../../../../avr/lib/avrxmega7\libm.a(fp_zero.o)
[...]
Memory Configuration

Name             Origin             Length             Attributes
text             0x00000000         0x00100000         xr
data             0x00802000         0x0000ffa0         rw !x
eeprom           0x00810000         0x00010000         rw !x
fuse             0x00820000         0x00000400         rw !x
lock             0x00830000         0x00000400         rw !x
signature        0x00840000         0x00000400         rw !x
user_signatures  0x00850000         0x00000400         rw !x
*default*        0x00000000         0xffffffff

Linker script and memory map

LOAD c:/program files/atmel/atmel toolchain/avr8 gcc/native/3.4.1061/avr8-gnu-toolchain/bin/../lib/gcc/avr/4.8.1/../../../../avr/lib/avrxmega7/crtx128a1.o
LOAD src/ASF/xmega/drivers/usart/usart.o
LOAD src/calculation.o
LOAD src/initialize.o
LOAD src/MS5611.o
LOAD src/setting.o
LOAD src/twi_master_driver.o
LOAD src/variable.o
LOAD src/ASF/common/services/clock/xmega/sysclk.o
LOAD src/ASF/xmega/drivers/cpu/ccp.o
LOAD src/ASF/common/services/ioport/xmega/ioport_compat.o
LOAD src/ASF/xmega/boards/xmega_a1_xplained/init.o
LOAD src/main.o
START GROUP
LOAD c:/program files/atmel/atmel toolchain/avr8 gcc/native/3.4.1061/avr8-gnu-toolchain/bin/../lib/gcc/avr/4.8.1/../../../../avr/lib/avrxmega7\libm.a
END GROUP
Address of section .BOOT set to 0x20000
START GROUP
LOAD c:/program files/atmel/atmel toolchain/avr8 gcc/native/3.4.1061/avr8-gnu-toolchain/bin/../lib/gcc/avr/4.8.1/avrxmega7\libgcc.a
LOAD c:/program files/atmel/atmel toolchain/avr8 gcc/native/3.4.1061/avr8-gnu-toolchain/bin/../lib/gcc/avr/4.8.1/../../../../avr/lib/avrxmega7\libm.a
LOAD c:/program files/atmel/atmel toolchain/avr8 gcc/native/3.4.1061/avr8-gnu-toolchain/bin/../lib/gcc/avr/4.8.1/../../../../avr/lib/avrxmega7\libc.a
END GROUP

.hash
 *(.hash)

.dynsym
 *(.dynsym)

.dynstr
 *(.dynstr)

.gnu.version
 *(.gnu.version)

.gnu.version_d
 *(.gnu.version_d)

.gnu.version_r
 *(.gnu.version_r)

.rel.init
 *(.rel.init)

.rela.init
 *(.rela.init)

.rel.text
 *(.rel.text)
 *(.rel.text.*)
 *(.rel.gnu.linkonce.t*)

.rela.text
 *(.rela.text)
 *(.rela.text.*)
 *(.rela.gnu.linkonce.t*)

.rel.fini
 *(.rel.fini)

.rela.fini
 *(.rela.fini)

.rel.rodata
 *(.rel.rodata)
 *(.rel.rodata.*)
 *(.rel.gnu.linkonce.r*)

.rela.rodata
 *(.rela.rodata)
 *(.rela.rodata.*)
 *(.rela.gnu.linkonce.r*)

.rel.data
 *(.rel.data)
 *(.rel.data.*)
 *(.rel.gnu.linkonce.d*)

.rela.data
 *(.rela.data)
 *(.rela.data.*)
 *(.rela.gnu.linkonce.d*)

.rel.ctors
 *(.rel.ctors)

.rela.ctors
 *(.rela.ctors)

.rel.dtors
 *(.rel.dtors)

.rela.dtors
 *(.rela.dtors)

.rel.got
 *(.rel.got)

.rela.got
 *(.rela.got)

.rel.bss
 *(.rel.bss)

.rela.bss
 *(.rela.bss)

.rel.plt
 *(.rel.plt)

.rela.plt
 *(.rela.plt)

.text           0x00000000     0x1864
 *(.vectors)
 .vectors       0x00000000      0x1f4 c:/program files/atmel/atmel toolchain/avr8 gcc/native/3.4.1061/avr8-gnu-toolchain/bin/../lib/gcc/avr/4.8.1/../../../../avr/lib/avrxmega7/crtx128a1.o
                0x00000000                __vector_default
                0x00000000                __vectors
 *(.vectors)
 *(.progmem.gcc*)
                0x000001f4                . = ALIGN (0x2)
                0x000001f4                __trampolines_start = .
 *(.trampolines)
 .trampolines   0x000001f4        0x0 linker stubs
 *(.trampolines*)
                0x000001f4                __trampolines_end = .
 *(.progmem*)
                0x000001f4                . = ALIGN (0x2)
 *(.jumptables)
 *(.jumptables*)
 *(.lowtext)
 *(.lowtext*)
                0x000001f4                __ctors_start = .
 *(.ctors)
                0x000001f4                __ctors_end = .
                0x000001f4                __dtors_start = .
 *(.dtors)
                0x000001f4                __dtors_end = .
 SORT(*)(.ctors)
 SORT(*)(.dtors)
 *(.init0)
 .init0         0x000001f4        0x0 c:/program files/atmel/atmel toolchain/avr8 gcc/native/3.4.1061/avr8-gnu-toolchain/bin/../lib/gcc/avr/4.8.1/../../../../avr/lib/avrxmega7/crtx128a1.o
                0x000001f4                __init
 *(.init0)
 *(.init1)
 *(.init1)
 *(.init2)
 .init2         0x000001f4       0x18 c:/program files/atmel/atmel toolchain/avr8 gcc/native/3.4.1061/avr8-gnu-toolchain/bin/../lib/gcc/avr/4.8.1/../../../../avr/lib/avrxmega7/crtx128a1.o
 *(.init2)
 *(.init3)
 *(.init3)
 *(.init4)
 .init4         0x0000020c       0x1c c:/program files/atmel/atmel toolchain/avr8 gcc/native/3.4.1061/avr8-gnu-toolchain/bin/../lib/gcc/avr/4.8.1/avrxmega7\libgcc.a(_copy_data.o)
                0x0000020c                __do_copy_data
 .init4         0x00000228       0x10 c:/program files/atmel/atmel toolchain/avr8 gcc/native/3.4.1061/avr8-gnu-toolchain/bin/../lib/gcc/avr/4.8.1/avrxmega7\libgcc.a(_clear_bss.o)
                0x00000228                __do_clear_bss
 *(.init4)
 *(.init5)
 *(.init5)
 *(.init6)
 *(.init6)
 *(.init7)
 *(.init7)
 *(.init8)
 *(.init8)
 *(.init9)
 .init9         0x00000238        0x6 c:/program files/atmel/atmel toolchain/avr8 gcc/native/3.4.1061/avr8-gnu-toolchain/bin/../lib/gcc/avr/4.8.1/../../../../avr/lib/avrxmega7/crtx128a1.o
 *(.init9)
 *(.text)
 .text          0x0000023e        0x2 c:/program files/atmel/atmel toolchain/avr8 gcc/native/3.4.1061/avr8-gnu-toolchain/bin/../lib/gcc/avr/4.8.1/../../../../avr/lib/avrxmega7/crtx128a1.o
                0x0000023e                __vector_38
                0x0000023e                __vector_104
                0x0000023e                __vector_22
                0x0000023e                __vector_63
                0x0000023e                __vector_28
                0x0000023e                __vector_67
                0x0000023e                __vector_1
                0x0000023e                __vector_119
                0x0000023e                __vector_32
                0x0000023e                __vector_75
                0x0000023e                __vector_71
                0x0000023e                __vector_91
                0x0000023e                __vector_34
                0x0000023e                __vector_62
                0x0000023e                __vector_77
                0x0000023e                __vector_102
                0x0000023e                __vector_24
                0x0000023e                __vector_12
                0x0000023e                __vector_55
                0x0000023e                __vector_69
                0x0000023e                __vector_81
                0x0000023e                __vector_90
                0x0000023e                __vector_46
                0x0000023e                __bad_interrupt
                0x0000023e                __vector_122
                0x0000023e                __vector_72
                0x0000023e                __vector_114
                0x0000023e                __vector_6
                0x0000023e                __vector_110
                0x0000023e                __vector_31
                0x0000023e                __vector_92
                0x0000023e                __vector_35
                0x0000023e                __vector_78
                0x0000023e                __vector_74
                0x0000023e                __vector_117
                0x0000023e                __vector_39
                0x0000023e                __vector_107
                0x0000023e                __vector_3
                0x0000023e                __vector_105
                0x0000023e                __vector_98
                0x0000023e                __vector_23
                0x0000023e                __vector_68
                0x0000023e                __vector_30
                0x0000023e                __vector_73
                0x0000023e                __vector_45
                0x0000023e                __vector_25
                0x0000023e                __vector_93
                0x0000023e                __vector_61
                0x0000023e                __vector_11
                0x0000023e                __vector_54
                0x0000023e                __vector_99
                0x0000023e                __vector_13
                0x0000023e                __vector_17
                0x0000023e                __vector_19
                0x0000023e                __vector_56
                0x0000023e                __vector_7
                0x0000023e                __vector_49
                0x0000023e                __vector_123
                0x0000023e                __vector_41
                0x0000023e                __vector_86
                0x0000023e                __vector_100
                0x0000023e                __vector_101
                0x0000023e                __vector_64
                0x0000023e                __vector_88
                0x0000023e                __vector_109
                0x0000023e                __vector_43
                0x0000023e                __vector_27
                0x0000023e                __vector_5
                0x0000023e                __vector_113
                0x0000023e                __vector_33
                0x0000023e                __vector_115
                0x0000023e                __vector_47
                0x0000023e                __vector_52
                0x0000023e                __vector_37
                0x0000023e                __vector_95
                0x0000023e                __vector_103
                0x0000023e                __vector_96
                0x0000023e                __vector_89
                0x0000023e                __vector_108
                0x0000023e                __vector_4
                0x0000023e                __vector_44
                0x0000023e                __vector_82
                0x0000023e                __vector_106
                0x0000023e                __vector_118
                0x0000023e                __vector_51
                0x0000023e                __vector_9
                0x0000023e                __vector_2
                0x0000023e                __vector_21
                0x0000023e                __vector_15
                0x0000023e                __vector_66
                0x0000023e                __vector_36
                0x0000023e                __vector_79
                0x0000023e                __vector_58
                0x0000023e                __vector_70
                0x0000023e                __vector_83
                0x0000023e                __vector_29
                0x0000023e                __vector_60
                0x0000023e                __vector_121
                0x0000023e                __vector_40
                0x0000023e                __vector_85
                0x0000023e                __vector_94
                0x0000023e                __vector_8
                0x0000023e                __vector_26
                0x0000023e                __vector_48
                0x0000023e                __vector_124
                0x0000023e                __vector_116
                0x0000023e                __vector_112
                0x0000023e                __vector_111
                0x0000023e                __vector_80
                0x0000023e                __vector_14
                0x0000023e                __vector_84
                0x0000023e                __vector_57
                0x0000023e                __vector_53
                0x0000023e                __vector_10
                0x0000023e                __vector_50
                0x0000023e                __vector_16
                0x0000023e                __vector_59
                0x0000023e                __vector_18
                0x0000023e                __vector_97
                0x0000023e                __vector_20
                0x0000023e                __vector_42
                0x0000023e                __vector_87
                0x0000023e                __vector_65
                0x0000023e                __vector_120
                0x00000240                . = ALIGN (0x2)
 *(.text.*)
 .text.usart_putchar
                0x00000240       0x10 src/ASF/xmega/drivers/usart/usart.o
                0x00000240                usart_putchar
 .text.usart_set_baudrate
                0x00000250      0x20c src/ASF/xmega/drivers/usart/usart.o
                0x00000250                usart_set_baudrate
 .text.UART_SEND
                0x0000045c       0x30 src/calculation.o
                0x0000045c                UART_SEND
 .text.calculate
                0x0000048c      0x458 src/calculation.o
                0x0000048c                calculate
 .text.En_RC32M
                0x000008e4       0x2a src/initialize.o
                0x000008e4                En_RC32M
 .text.PORT_init
                0x0000090e       0x14 src/initialize.o
                0x0000090e                PORT_init
 .text.USARTE0_init
                0x00000922       0x42 src/initialize.o
                0x00000922                USARTE0_init
 .text.reset    0x00000964       0x32 src/MS5611.o
                0x00000964                reset
 .text.read_PROM
                0x00000996       0xd8 src/MS5611.o
                0x00000996                read_PROM
 .text.D_read   0x00000a6e      0x140 src/MS5611.o
                0x00000a6e                D_read
 .text.set_micro
                0x00000bae       0x28 src/setting.o
                0x00000bae                set_micro
 .text.TWI_MasterInit
                0x00000bd6       0x22 src/twi_master_driver.o
                0x00000bd6                TWI_MasterInit
 .text.TWI_MasterWriteRead
                0x00000bf8       0x88 src/twi_master_driver.o
                0x00000bf8                TWI_MasterWriteRead
 .text.TWI_MasterArbitrationLostBusErrorHandler
                0x00000c80       0x24 src/twi_master_driver.o
                0x00000c80                TWI_MasterArbitrationLostBusErrorHandler
 .text.TWI_MasterWriteHandler
                0x00000ca4       0x64 src/twi_master_driver.o
                0x00000ca4                TWI_MasterWriteHandler
 .text.TWI_MasterReadHandler
                0x00000d08       0x5a src/twi_master_driver.o
                0x00000d08                TWI_MasterReadHandler
 .text.TWI_MasterInterruptHandler
                0x00000d62       0x2c src/twi_master_driver.o
                0x00000d62                TWI_MasterInterruptHandler
 .text.main     0x00000d8e       0x8c src/main.o
                0x00000d8e                main
 .text.__vector_76
                0x00000e1a       0x68 src/main.o
                0x00000e1a                __vector_76
 .text.avr-libc.fplib
                0x00000e82        0xa c:/program files/atmel/atmel toolchain/avr8 gcc/native/3.4.1061/avr8-gnu-toolchain/bin/../lib/gcc/avr/4.8.1/../../../../avr/lib/avrxmega7\libm.a(addsf3.o)
                0x00000e82                __subsf3
                0x00000e84                __addsf3
 .text.avr-libc.fplib
                0x00000e8c       0xc0 c:/program files/atmel/atmel toolchain/avr8 gcc/native/3.4.1061/avr8-gnu-toolchain/bin/../lib/gcc/avr/4.8.1/../../../../avr/lib/avrxmega7\libm.a(addsf3x.o)
                0x00000ea6                __addsf3x
 .text.avr-libc.fplib
                0x00000f4c        0x8 c:/program files/atmel/atmel toolchain/avr8 gcc/native/3.4.1061/avr8-gnu-toolchain/bin/../lib/gcc/avr/4.8.1/../../../../avr/lib/avrxmega7\libm.a(cmpsf2.o)
                0x00000f4c                __nesf2
                0x00000f4c                __eqsf2
                0x00000f4c                __cmpsf2
                0x00000f4c                __ltsf2
                0x00000f4c                __lesf2
 .text.avr-libc.fplib
                0x00000f54        0x4 c:/program files/atmel/atmel toolchain/avr8 gcc/native/3.4.1061/avr8-gnu-toolchain/bin/../lib/gcc/avr/4.8.1/../../../../avr/lib/avrxmega7\libm.a(divsf3.o)
                0x00000f54                __divsf3
 .text.avr-libc.fplib
                0x00000f58       0xcc c:/program files/atmel/atmel toolchain/avr8 gcc/native/3.4.1061/avr8-gnu-toolchain/bin/../lib/gcc/avr/4.8.1/../../../../avr/lib/avrxmega7\libm.a(divsf3x.o)
                0x00000f6e                __divsf3x
                0x00000f72                __divsf3_pse
 .text.avr-libc.fplib
                0x00001024        0xa c:/program files/atmel/atmel toolchain/avr8 gcc/native/3.4.1061/avr8-gnu-toolchain/bin/../lib/gcc/avr/4.8.1/../../../../avr/lib/avrxmega7\libm.a(fixsfsi.o)
                0x00001024                __fixsfsi
 .text.avr-libc.fplib
                0x0000102e       0x58 c:/program files/atmel/atmel toolchain/avr8 gcc/native/3.4.1061/avr8-gnu-toolchain/bin/../lib/gcc/avr/4.8.1/../../../../avr/lib/avrxmega7\libm.a(fixunssfsi.o)
                0x0000102e                __fixunssfsi
 .text.avr-libc.fplib
                0x00001086       0x7a c:/program files/atmel/atmel toolchain/avr8 gcc/native/3.4.1061/avr8-gnu-toolchain/bin/../lib/gcc/avr/4.8.1/../../../../avr/lib/avrxmega7\libm.a(floatsisf.o)
                0x00001086                __floatunsisf
                0x0000108a                __floatsisf
 .text.avr-libc.fplib
                0x00001100       0x48 c:/program files/atmel/atmel toolchain/avr8 gcc/native/3.4.1061/avr8-gnu-toolchain/bin/../lib/gcc/avr/4.8.1/../../../../avr/lib/avrxmega7\libm.a(fp_cmp.o)
                0x00001100                __fp_cmp
 .text.avr-libc.fplib
                0x00001148        0xc c:/program files/atmel/atmel toolchain/avr8 gcc/native/3.4.1061/avr8-gnu-toolchain/bin/../lib/gcc/avr/4.8.1/../../../../avr/lib/avrxmega7\libm.a(fp_inf.o)
                0x00001148                __fp_inf
 .text.avr-libc.fplib
                0x00001154        0x6 c:/program files/atmel/atmel toolchain/avr8 gcc/native/3.4.1061/avr8-gnu-toolchain/bin/../lib/gcc/avr/4.8.1/../../../../avr/lib/avrxmega7\libm.a(fp_nan.o)
                0x00001154                __fp_nan
 .text.avr-libc.fplib
                0x0000115a        0xe c:/program files/atmel/atmel toolchain/avr8 gcc/native/3.4.1061/avr8-gnu-toolchain/bin/../lib/gcc/avr/4.8.1/../../../../avr/lib/avrxmega7\libm.a(fp_pscA.o)
                0x0000115a                __fp_pscA
 .text.avr-libc.fplib
                0x00001168        0xe c:/program files/atmel/atmel toolchain/avr8 gcc/native/3.4.1061/avr8-gnu-toolchain/bin/../lib/gcc/avr/4.8.1/../../../../avr/lib/avrxmega7\libm.a(fp_pscB.o)
                0x00001168                __fp_pscB
 .text.avr-libc.fplib
                0x00001176       0x22 c:/program files/atmel/atmel toolchain/avr8 gcc/native/3.4.1061/avr8-gnu-toolchain/bin/../lib/gcc/avr/4.8.1/../../../../avr/lib/avrxmega7\libm.a(fp_round.o)
                0x00001176                __fp_round
 .text.avr-libc.fplib
                0x00001198       0x44 c:/program files/atmel/atmel toolchain/avr8 gcc/native/3.4.1061/avr8-gnu-toolchain/bin/../lib/gcc/avr/4.8.1/../../../../avr/lib/avrxmega7\libm.a(fp_split3.o)
                0x00001198                __fp_split3
                0x000011a8                __fp_splitA
 .text.avr-libc.fplib
                0x000011dc        0xe c:/program files/atmel/atmel toolchain/avr8 gcc/native/3.4.1061/avr8-gnu-toolchain/bin/../lib/gcc/avr/4.8.1/../../../../avr/lib/avrxmega7\libm.a(fp_zero.o)
                0x000011dc                __fp_zero
                0x000011de                __fp_szero
 .text.avr-libc.fplib
                0x000011ea        0x4 c:/program files/atmel/atmel toolchain/avr8 gcc/native/3.4.1061/avr8-gnu-toolchain/bin/../lib/gcc/avr/4.8.1/../../../../avr/lib/avrxmega7\libm.a(mulsf3.o)
                0x000011ea                __mulsf3
 .text.avr-libc.fplib
                0x000011ee       0xc2 c:/program files/atmel/atmel toolchain/avr8 gcc/native/3.4.1061/avr8-gnu-toolchain/bin/../lib/gcc/avr/4.8.1/../../../../avr/lib/avrxmega7\libm.a(mulsf3x.o)
                0x00001202                __mulsf3x
                0x00001206                __mulsf3_pse
 .text.libgcc.div
                0x000012b0       0x44 c:/program files/atmel/atmel toolchain/avr8 gcc/native/3.4.1061/avr8-gnu-toolchain/bin/../lib/gcc/avr/4.8.1/avrxmega7\libgcc.a(_udivmodsi4.o)
                0x000012b0                __udivmodsi4
 .text.avr-libc
                0x000012f4       0x50 c:/program files/atmel/atmel toolchain/avr8 gcc/native/3.4.1061/avr8-gnu-toolchain/bin/../lib/gcc/avr/4.8.1/../../../../avr/lib/avrxmega7\libc.a(sprintf.o)
                0x000012f4                sprintf
 .text.avr-libc
                0x00001344      0x3d0 c:/program files/atmel/atmel toolchain/avr8 gcc/native/3.4.1061/avr8-gnu-toolchain/bin/../lib/gcc/avr/4.8.1/../../../../avr/lib/avrxmega7\libc.a(vfprintf_std.o)
                0x00001344                vfprintf
 .text.avr-libc
                0x00001714       0x16 c:/program files/atmel/atmel toolchain/avr8 gcc/native/3.4.1061/avr8-gnu-toolchain/bin/../lib/gcc/avr/4.8.1/../../../../avr/lib/avrxmega7\libc.a(strnlen_P.o)
                0x00001714                strnlen_P
 .text.avr-libc
                0x0000172a       0x16 c:/program files/atmel/atmel toolchain/avr8 gcc/native/3.4.1061/avr8-gnu-toolchain/bin/../lib/gcc/avr/4.8.1/../../../../avr/lib/avrxmega7\libc.a(strnlen.o)
                0x0000172a                strnlen
 .text.avr-libc
                0x00001740       0x64 c:/program files/atmel/atmel toolchain/avr8 gcc/native/3.4.1061/avr8-gnu-toolchain/bin/../lib/gcc/avr/4.8.1/../../../../avr/lib/avrxmega7\libc.a(fputc.o)
                0x00001740                fputc
 .text.avr-libc
                0x000017a4       0xbc c:/program files/atmel/atmel toolchain/avr8 gcc/native/3.4.1061/avr8-gnu-toolchain/bin/../lib/gcc/avr/4.8.1/../../../../avr/lib/avrxmega7\libc.a(ultoa_invert.o)
                0x000017a4                __ultoa_invert
                0x00001860                . = ALIGN (0x2)
 *(.fini9)
 .fini9         0x00001860        0x0 c:/program files/atmel/atmel toolchain/avr8 gcc/native/3.4.1061/avr8-gnu-toolchain/bin/../lib/gcc/avr/4.8.1/avrxmega7\libgcc.a(_exit.o)
                0x00001860                _exit
                0x00001860                exit
 *(.fini9)
 *(.fini8)
 *(.fini8)
 *(.fini7)
 *(.fini7)
 *(.fini6)
 *(.fini6)
 *(.fini5)
 *(.fini5)
 *(.fini4)
 *(.fini4)
 *(.fini3)
 *(.fini3)
 *(.fini2)
 *(.fini2)
 *(.fini1)
 *(.fini1)
 *(.fini0)
 .fini0         0x00001860        0x4 c:/program files/atmel/atmel toolchain/avr8 gcc/native/3.4.1061/avr8-gnu-toolchain/bin/../lib/gcc/avr/4.8.1/avrxmega7\libgcc.a(_exit.o)
 *(.fini0)
                0x00001864                _etext = .

.data           0x00802000       0x1e load address 0x00001864
                0x00802000                PROVIDE (__data_start, .)
 *(.data)
 *(.data*)
 .data.flag     0x00802000        0x2 src/variable.o
                0x00802000                flag
 .data.read_d   0x00802002        0x1 src/variable.o
                0x00802002                read_d
 .data.PROM_read
                0x00802003        0x1 src/variable.o
                0x00802003                PROM_read
 .data.ms_reset
                0x00802004        0x1 src/variable.o
                0x00802004                ms_reset
 *(.rodata)
 *(.rodata*)
 .rodata.str1.1
                0x00802005       0x18 src/calculation.o
 *(.gnu.linkonce.d*)
                0x0080201e                . = ALIGN (0x2)
 *fill*         0x0080201d        0x1 
                0x0080201e                _edata = .
                0x0080201e                PROVIDE (__data_end, .)

.bss            0x0080201e       0xa5
                0x0080201e                PROVIDE (__bss_start, .)
 *(.bss)
 *(.bss*)
 .bss.ADC_read  0x0080201e        0x1 src/variable.o
                0x0080201e                ADC_read
 *(COMMON)
 COMMON         0x0080201f       0x64 src/calculation.o
                0x0080201f                buffer
 COMMON         0x00802083       0x40 src/variable.o
                0x00802083                ff
                0x00802085                pres
                0x00802091                n
                0x0080209d                twiMaster
                0x008020b6                c
                0x008020b8                d
                0x008020bb                m
                0x008020c3                PROVIDE (__bss_end, .)
                0x00001864                __data_load_start = LOADADDR (.data)
                0x00001882                __data_load_end = (__data_load_start + SIZEOF (.data))

.noinit         0x008020c3        0x0
                0x008020c3                PROVIDE (__noinit_start, .)
 *(.noinit*)
                0x008020c3                PROVIDE (__noinit_end, .)
                0x008020c3                _end = .
                0x008020c3                PROVIDE (__heap_start, .)

.eeprom         0x00810000        0x0
 *(.eeprom*)
                0x00810000                __eeprom_end = .

.fuse
 *(.fuse)
 *(.lfuse)
 *(.hfuse)
 *(.efuse)

.lock
 *(.lock*)

.signature
 *(.signature*)

.user_signatures
 *(.user_signatures*)

.stab
 *(.stab)

.stabstr
 *(.stabstr)

.stab.excl
 *(.stab.excl)

.stab.exclstr
 *(.stab.exclstr)

.stab.index
 *(.stab.index)

.stab.indexstr
 *(.stab.indexstr)

.comment        0x00000000       0x5c
 *(.comment)
 .comment       0x00000000       0x30 src/ASF/xmega/drivers/usart/usart.o
                                 0x31 (size before relaxing)
 .comment       0x00000000       0x31 src/calculation.o
 .comment       0x00000000       0x31 src/initialize.o
 .comment       0x00000000       0x31 src/MS5611.o
 .comment       0x00000000       0x31 src/setting.o
 .comment       0x00000000       0x31 src/twi_master_driver.o
 .comment       0x00000000       0x31 src/variable.o
 .comment       0x00000000       0x31 src/main.o
 .comment       0x00000000       0x31 c:/program files/atmel/atmel toolchain/avr8 gcc/native/3.4.1061/avr8-gnu-toolchain/bin/../lib/gcc/avr/4.8.1/../../../../avr/lib/avrxmega7\libc.a(sprintf.o)
 .comment       0x00000030       0x2c c:/program files/atmel/atmel toolchain/avr8 gcc/native/3.4.1061/avr8-gnu-toolchain/bin/../lib/gcc/avr/4.8.1/../../../../avr/lib/avrxmega7\libc.a(vfprintf_std.o)
                                 0x2d (size before relaxing)
 .comment       0x00000000       0x31 c:/program files/atmel/atmel toolchain/avr8 gcc/native/3.4.1061/avr8-gnu-toolchain/bin/../lib/gcc/avr/4.8.1/../../../../avr/lib/avrxmega7\libc.a(fputc.o)

.note.gnu.build-id
 *(.note.gnu.build-id)

.debug
 *(.debug)

.line
 *(.line)

.debug_srcinfo
 *(.debug_srcinfo)

.debug_sfnames
 *(.debug_sfnames)

.debug_aranges  0x00000000      0x1c8
 *(.debug_aranges)
 .debug_aranges
                0x00000000       0x58 src/ASF/xmega/drivers/usart/usart.o
 .debug_aranges
                0x00000058       0x28 src/calculation.o
 .debug_aranges
                0x00000080       0x48 src/initialize.o
 .debug_aranges
                0x000000c8       0x30 src/MS5611.o
 .debug_aranges
                0x000000f8       0x20 src/setting.o
 .debug_aranges
                0x00000118       0x70 src/twi_master_driver.o
 .debug_aranges
                0x00000188       0x18 src/variable.o
 .debug_aranges
                0x000001a0       0x28 src/main.o

.debug_pubnames
 *(.debug_pubnames)

.debug_info     0x00000000     0x5674
 *(.debug_info .gnu.linkonce.wi.*)
 .debug_info    0x00000000     0x328d src/ASF/xmega/drivers/usart/usart.o
 .debug_info    0x0000328d      0x451 src/calculation.o
 .debug_info    0x000036de      0x5d3 src/initialize.o
 .debug_info    0x00003cb1      0x565 src/MS5611.o
 .debug_info    0x00004216      0x3c2 src/setting.o
 .debug_info    0x000045d8      0x873 src/twi_master_driver.o
 .debug_info    0x00004e4b      0x3f4 src/variable.o
 .debug_info    0x0000523f      0x435 src/main.o

.debug_abbrev   0x00000000      0xf01
 *(.debug_abbrev)
 .debug_abbrev  0x00000000      0x3e8 src/ASF/xmega/drivers/usart/usart.o
 .debug_abbrev  0x000003e8      0x1c2 src/calculation.o
 .debug_abbrev  0x000005aa      0x186 src/initialize.o
 .debug_abbrev  0x00000730      0x1b9 src/MS5611.o
 .debug_abbrev  0x000008e9      0x14b src/setting.o
 .debug_abbrev  0x00000a34      0x296 src/twi_master_driver.o
 .debug_abbrev  0x00000cca       0xd7 src/variable.o
 .debug_abbrev  0x00000da1      0x160 src/main.o

.debug_line     0x00000000     0x425c
 *(.debug_line .debug_line.* .debug_line_end)
 .debug_line    0x00000000      0xd2d src/ASF/xmega/drivers/usart/usart.o
 .debug_line    0x00000d2d      0x84b src/calculation.o
 .debug_line    0x00001578      0x81e src/initialize.o
 .debug_line    0x00001d96      0x878 src/MS5611.o
 .debug_line    0x0000260e      0x793 src/setting.o
 .debug_line    0x00002da1      0x5ae src/twi_master_driver.o
 .debug_line    0x0000334f      0x75a src/variable.o
 .debug_line    0x00003aa9      0x7b3 src/main.o

.debug_frame    0x00000000      0x528
 *(.debug_frame)
 .debug_frame   0x00000000      0x140 src/ASF/xmega/drivers/usart/usart.o
 .debug_frame   0x00000140       0xa8 src/calculation.o
 .debug_frame   0x000001e8       0xb0 src/initialize.o
 .debug_frame   0x00000298       0xf0 src/MS5611.o
 .debug_frame   0x00000388       0x24 src/setting.o
 .debug_frame   0x000003ac       0xf0 src/twi_master_driver.o
 .debug_frame   0x0000049c       0x8c src/main.o

.debug_str      0x00000000    0x28add
 *(.debug_str)
 .debug_str     0x00000000    0x26117 src/ASF/xmega/drivers/usart/usart.o
                              0x269c1 (size before relaxing)
 .debug_str     0x00026117     0x23b3 src/calculation.o
                              0x27c89 (size before relaxing)
 .debug_str     0x000284ca       0xf9 src/initialize.o
                              0x2771a (size before relaxing)
 .debug_str     0x000285c3      0x10a src/MS5611.o
                              0x27bf3 (size before relaxing)
 .debug_str     0x000286cd       0xb7 src/setting.o
                              0x27c28 (size before relaxing)
 .debug_str     0x00028784      0x328 src/twi_master_driver.o
                              0x19b0e (size before relaxing)
 .debug_str     0x00028aac       0x12 src/variable.o
                              0x27b90 (size before relaxing)
 .debug_str     0x00028abe       0x1f src/main.o
                              0x27bcb (size before relaxing)

.debug_loc      0x00000000     0x1e98
 *(.debug_loc)
 .debug_loc     0x00000000      0xfd3 src/ASF/xmega/drivers/usart/usart.o
 .debug_loc     0x00000fd3      0x49e src/calculation.o
 .debug_loc     0x00001471       0xdb src/initialize.o
 .debug_loc     0x0000154c      0x214 src/MS5611.o
 .debug_loc     0x00001760      0x617 src/twi_master_driver.o
 .debug_loc     0x00001d77      0x121 src/main.o

.debug_macinfo
 *(.debug_macinfo)

.debug_weaknames
 *(.debug_weaknames)

.debug_funcnames
 *(.debug_funcnames)

.debug_typenames
 *(.debug_typenames)

.debug_varnames
 *(.debug_varnames)

.debug_pubtypes
 *(.debug_pubtypes)

.debug_ranges   0x00000000      0x178
 *(.debug_ranges)
 .debug_ranges  0x00000000       0x80 src/ASF/xmega/drivers/usart/usart.o
 .debug_ranges  0x00000080       0x18 src/calculation.o
 .debug_ranges  0x00000098       0x38 src/initialize.o
 .debug_ranges  0x000000d0       0x20 src/MS5611.o
 .debug_ranges  0x000000f0       0x10 src/setting.o
 .debug_ranges  0x00000100       0x60 src/twi_master_driver.o
 .debug_ranges  0x00000160       0x18 src/main.o

.debug_macro    0x00000000     0xa45f
 *(.debug_macro)
 .debug_macro   0x00000000      0x221 src/ASF/xmega/drivers/usart/usart.o
 .debug_macro   0x00000221      0xa72 src/ASF/xmega/drivers/usart/usart.o
 .debug_macro   0x00000c93      0x1ad src/ASF/xmega/drivers/usart/usart.o
 .debug_macro   0x00000e40       0x10 src/ASF/xmega/drivers/usart/usart.o
 .debug_macro   0x00000e50      0x299 src/ASF/xmega/drivers/usart/usart.o
 .debug_macro   0x000010e9       0x9e src/ASF/xmega/drivers/usart/usart.o
 .debug_macro   0x00001187     0x5272 src/ASF/xmega/drivers/usart/usart.o
 .debug_macro   0x000063f9       0x9a src/ASF/xmega/drivers/usart/usart.o
 .debug_macro   0x00006493       0xf1 src/ASF/xmega/drivers/usart/usart.o
 .debug_macro   0x00006584       0x34 src/ASF/xmega/drivers/usart/usart.o
 .debug_macro   0x000065b8       0x10 src/ASF/xmega/drivers/usart/usart.o
 .debug_macro   0x000065c8       0x18 src/ASF/xmega/drivers/usart/usart.o
 .debug_macro   0x000065e0       0x5e src/ASF/xmega/drivers/usart/usart.o
 .debug_macro   0x0000663e       0x10 src/ASF/xmega/drivers/usart/usart.o
 .debug_macro   0x0000664e       0x22 src/ASF/xmega/drivers/usart/usart.o
 .debug_macro   0x00006670      0x166 src/ASF/xmega/drivers/usart/usart.o
 .debug_macro   0x000067d6       0x1c src/ASF/xmega/drivers/usart/usart.o
 .debug_macro   0x000067f2       0x35 src/ASF/xmega/drivers/usart/usart.o
 .debug_macro   0x00006827       0x66 src/ASF/xmega/drivers/usart/usart.o
 .debug_macro   0x0000688d      0x4b5 src/ASF/xmega/drivers/usart/usart.o
 .debug_macro   0x00006d42       0x97 src/ASF/xmega/drivers/usart/usart.o
 .debug_macro   0x00006dd9       0x17 src/ASF/xmega/drivers/usart/usart.o
 .debug_macro   0x00006df0      0x250 src/ASF/xmega/drivers/usart/usart.o
 .debug_macro   0x00007040       0x76 src/ASF/xmega/drivers/usart/usart.o
 .debug_macro   0x000070b6       0x16 src/ASF/xmega/drivers/usart/usart.o
 .debug_macro   0x000070cc      0x6e0 src/ASF/xmega/drivers/usart/usart.o
 .debug_macro   0x000077ac       0x10 src/ASF/xmega/drivers/usart/usart.o
 .debug_macro   0x000077bc      0x175 src/ASF/xmega/drivers/usart/usart.o
 .debug_macro   0x00007931       0x40 src/ASF/xmega/drivers/usart/usart.o
 .debug_macro   0x00007971       0x69 src/ASF/xmega/drivers/usart/usart.o
 .debug_macro   0x000079da       0x32 src/ASF/xmega/drivers/usart/usart.o
 .debug_macro   0x00007a0c       0xe4 src/ASF/xmega/drivers/usart/usart.o
 .debug_macro   0x00007af0       0x34 src/ASF/xmega/drivers/usart/usart.o
 .debug_macro   0x00007b24       0x1c src/ASF/xmega/drivers/usart/usart.o
 .debug_macro   0x00007b40      0x237 src/ASF/xmega/drivers/usart/usart.o
 .debug_macro   0x00007d77      0x17a src/ASF/xmega/drivers/usart/usart.o
 .debug_macro   0x00007ef1       0x82 src/ASF/xmega/drivers/usart/usart.o
 .debug_macro   0x00007f73       0x2f src/ASF/xmega/drivers/usart/usart.o
 .debug_macro   0x00007fa2      0x13f src/ASF/xmega/drivers/usart/usart.o
 .debug_macro   0x000080e1       0x9a src/ASF/xmega/drivers/usart/usart.o
 .debug_macro   0x0000817b      0x109 src/ASF/xmega/drivers/usart/usart.o
 .debug_macro   0x00008284      0x313 src/calculation.o
 .debug_macro   0x00008597      0x293 src/calculation.o
 .debug_macro   0x0000882a       0x34 src/calculation.o
 .debug_macro   0x0000885e       0x40 src/calculation.o
 .debug_macro   0x0000889e       0x3a src/calculation.o
 .debug_macro   0x000088d8       0x1c src/calculation.o
 .debug_macro   0x000088f4      0x367 src/calculation.o
 .debug_macro   0x00008c5b       0x16 src/calculation.o
 .debug_macro   0x00008c71      0x167 src/calculation.o
 .debug_macro   0x00008dd8       0x2e src/calculation.o
 .debug_macro   0x00008e06       0x22 src/calculation.o
 .debug_macro   0x00008e28       0x58 src/calculation.o
 .debug_macro   0x00008e80       0x10 src/calculation.o
 .debug_macro   0x00008e90       0xeb src/calculation.o
 .debug_macro   0x00008f7b       0x16 src/calculation.o
 .debug_macro   0x00008f91       0x28 src/calculation.o
 .debug_macro   0x00008fb9      0x2c6 src/initialize.o
 .debug_macro   0x0000927f      0x361 src/initialize.o
 .debug_macro   0x000095e0      0x307 src/MS5611.o
 .debug_macro   0x000098e7      0x307 src/setting.o
 .debug_macro   0x00009bee      0x10d src/twi_master_driver.o
 .debug_macro   0x00009cfb       0x10 src/twi_master_driver.o
 .debug_macro   0x00009d0b      0x10e src/twi_master_driver.o
 .debug_macro   0x00009e19       0x10 src/twi_master_driver.o
 .debug_macro   0x00009e29       0x12 src/twi_master_driver.o
 .debug_macro   0x00009e3b       0x10 src/twi_master_driver.o
 .debug_macro   0x00009e4b      0x307 src/variable.o
 .debug_macro   0x0000a152      0x30d src/main.o
OUTPUT(MS5611_xmega.elf elf32-avr)
LOAD linker stubs

.BOOT           0x00020000        0x0
